## Story: Account holder withdraws cash
 **As an account holder**  
 **I want to withdraw cash**  
 **So that I can get money when the bank is closed**  

### Example Scenario
  Given a &lt;sign&gt; account balance  
  When the account holder requests money  
  Then money &lt;action&gt; dispensed  

### Examples: 

    | sign     | action | Result | Errors                                                                                                      |
    | positive | is     | Passed |                                                                                                             |
    | negative | is not | Failed | Step: Then money &lt;action&gt; dispensed failed with exception: [Boom With New lines] [Details at 1 below] |

#### Exceptions:
    1. Boom With New lines
       at TestStack.BDDfy.Tests.Reporters.ReportTestData.GetScenarios(Boolean includeFailingScenario, Boolean includeExamples) in ...\ReportTestData.cs:line 114

## Story: Happiness
 **As a person**  
 **I want ice cream**  
 **So that I can be happy**  

### Example Scenario
  Given a &lt;sign&gt; account balance  
  When the account holder requests money  
  Then money &lt;action&gt; dispensed  

### Examples: 

    | sign     | action |
    | positive | is     |
    | negative | is not |
