
Scenario: Run examples with fluent api
	Given there are <start> cucumbers  
	When I eat <eat> cucumbers         
	Then I should have <left> cucumbers

Examples: 
|        | Start | Eat | Left | Errors                                                                                                             |
| Passed | 12    | 5   | 7    |                                                                                                                    |
| Failed | 20    | 5   | 17   | Step: Then I should have <left> cucumbers failed with exception: [Expected: 17,  But was: 15] [Details at 1 below] |

Exceptions:
  1. Expected: 17,  But was: 15
   at NUnit.Framework.Assert.That(Object actual, IResolveConstraint expression, String message, Object[] args)
   at NUnit.Framework.Assert.That(Object actual, IResolveConstraint expression)
   at TestStack.BDDfy.Tests.Scanner.FluentScanner.UseExamples.ThenIShouldHave__left__Cucumbers(Int32 left) in c:\Users\Jake\_Code\TestStack.BDDfy\TestStack.BDDfy.Tests\Scanner\FluentScanner\UseExamples.cs:line 64
   at lambda_method(Closure , UseExamples )
   at TestStack.BDDfy.StepActionFactory.<>c__DisplayClass8`1.<>c__DisplayClassa.<GetStepAction>b__7() in c:\Users\Jake\_Code\TestStack.BDDfy\TestStack.BDDfy\Scanners\StepScanners\StepActionFactory.cs:line 22
   at TestStack.BDDfy.StepActionFactory.Run(Func`1 func) in c:\Users\Jake\_Code\TestStack.BDDfy\TestStack.BDDfy\Scanners\StepScanners\StepActionFactory.cs:line 40
   at TestStack.BDDfy.StepActionFactory.<>c__DisplayClass8`1.<GetStepAction>b__6(Object o) in c:\Users\Jake\_Code\TestStack.BDDfy\TestStack.BDDfy\Scanners\StepScanners\StepActionFactory.cs:line 20
   at TestStack.BDDfy.Step.Execute(Object testObject) in c:\Users\Jake\_Code\TestStack.BDDfy\TestStack.BDDfy\Step.cs:line 54
   at TestStack.BDDfy.Scenario.ExecuteStep(Step step) in c:\Users\Jake\_Code\TestStack.BDDfy\TestStack.BDDfy\Scenario.cs:line 58
   at TestStack.BDDfy.Processors.ExceptionProcessor.Process(Story story) in c:\Users\Jake\_Code\TestStack.BDDfy\TestStack.BDDfy\Processors\ExceptionProcessor.cs:line 97
   at TestStack.BDDfy.Engine.Run() in c:\Users\Jake\_Code\TestStack.BDDfy\TestStack.BDDfy\Engine.cs:line 43
   at TestStack.BDDfy.Tests.Scanner.FluentScanner.UseExamples.<>c__DisplayClass1.<RunExamplesWithFluentApi>b__0() in c:\Users\Jake\_Code\TestStack.BDDfy\TestStack.BDDfy.Tests\Scanner\FluentScanner\UseExamples.cs:line 34
   at NUnit.Framework.Assert.Throws(IResolveConstraint expression, TestDelegate code, String message, Object[] args)

